
> portal@0.1.0 build
> next build

node.exe : ΓÜá 
`eslint` configuration 
in next.config.ts is 
no longer supported. 
See more info here: htt
ps://nextjs.org/docs/ap
p/api-reference/cli/nex
t#next-lint-options
En línea: 1 Carácter: 1
+ & "C:\Program 
Files\nodejs/node.exe" 
"C:\Program 
Files\nodejs/node_mo 
...
+ ~~~~~~~~~~~~~~~~~~~~~
~~~~~~~~~~~~~~~~~~~~~~~
~~~~~~~~~~~~~~~~~~~~~~~
~~
    + CategoryInfo     
         : 
NotSpecified: (ΓÜá `   
 eslint` 
co...xt-lint-op    
tions:String) [], 
Remot    eException
    + 
FullyQualifiedErrorId  
   : NativeCommandError
 
ΓÜá Invalid 
next.config.ts options 
detected: 
ΓÜá     Unrecognized 
key(s) in object: 
'eslint'
ΓÜá See more info 
here: https://nextjs.or
g/docs/messages/invalid
-next-config
Γû▓ Next.js 16.1.6 (Turbopack)

  Creating an optimized production build ...
Γ£ô Compiled successfully in 43s
  Skipping validation of types
  Collecting page data using 3 workers ...
Warning: Cannot load 
"@napi-rs/canvas" 
package: "Error: 
Cannot find module 
'@napi-rs/canvas'
Require stack:
- C:\ROOT\node_modules\
pdf-parse\dist\pdf-pars
e\cjs\index.cjs".
Warning: Cannot 
polyfill `DOMMatrix`, 
rendering may be 
broken.
Warning: Cannot 
polyfill `ImageData`, 
rendering may be 
broken.
Warning: Cannot 
polyfill `Path2D`, 
rendering may be 
broken.
ReferenceError: 
DOMMatrix is not 
defined
    at module 
evaluation (C:\Users\Ad
ministrator\.gemini\ant
igravity\scratch\portal
-saas\.next\server\chun
ks\[root-of-the-server]
__595d2853._.js:2:11783
0)
    at 
instantiateModule (C:\U
sers\Administrator\.gem
ini\antigravity\scratch
\portal-saas\.next\serv
er\chunks\[turbopack]_r
untime.js:740:9)
    at getOrInstantiate
ModuleFromParent (C:\Us
ers\Administrator\.gemi
ni\antigravity\scratch\
portal-saas\.next\serve
r\chunks\[turbopack]_ru
ntime.js:763:12)
    at Context.commonJs
Require [as r] (C:\User
s\Administrator\.gemini
\antigravity\scratch\po
rtal-saas\.next\server\
chunks\[turbopack]_runt
ime.js:249:12)
    at module 
evaluation (C:\Users\Ad
ministrator\.gemini\ant
igravity\scratch\portal
-saas\.next\server\chun
ks\[root-of-the-server]
__b7a91f0f._.js:1:1313)
    at 
instantiateModule (C:\U
sers\Administrator\.gem
ini\antigravity\scratch
\portal-saas\.next\serv
er\chunks\[turbopack]_r
untime.js:740:9)
    at instantiateRunti
meModule (C:\Users\Admi
nistrator\.gemini\antig
ravity\scratch\portal-s
aas\.next\server\chunks
\[turbopack]_runtime.js
:768:12)
    at getOrInstantiate
RuntimeModule (C:\Users
\Administrator\.gemini\
antigravity\scratch\por
tal-saas\.next\server\c
hunks\[turbopack]_runti
me.js:781:12)
    at Object.m (C:\Use
rs\Administrator\.gemin
i\antigravity\scratch\p
ortal-saas\.next\server
\chunks\[turbopack]_run
time.js:790:18)
    at 
Object.<anonymous> (C:\
Users\Administrator\.ge
mini\antigravity\scratc
h\portal-saas\.next\ser
ver\app\api\quotes\pars
e\route.js:8:3)

> Build error occurred
Error: Failed to 
collect page data for 
/api/quotes/parse
    at ignore-listed 
frames {
  type: 'Error'
}
