
> portal@0.1.0 build
> next build

node.exe : ΓÜá 
`eslint` configuration 
in next.config.ts is 
no longer supported. 
See more info here: htt
ps://nextjs.org/docs/ap
p/api-reference/cli/nex
t#next-lint-options
En línea: 1 Carácter: 1
+ & "C:\Program 
Files\nodejs/node.exe" 
"C:\Program 
Files\nodejs/node_mo 
...
+ ~~~~~~~~~~~~~~~~~~~~~
~~~~~~~~~~~~~~~~~~~~~~~
~~~~~~~~~~~~~~~~~~~~~~~
~~
    + CategoryInfo     
         : NotSpecifi  
  ed: (ΓÜá `eslint`    
 co...xt-lint-optio    
ns:String) [], Rem    
oteException
    + FullyQualifiedEr 
   rorId : NativeComm  
  andError
 
ΓÜá Invalid 
next.config.ts options 
detected: 
ΓÜá     Unrecognized 
key(s) in object: 
'eslint'
ΓÜá See more info 
here: https://nextjs.or
g/docs/messages/invalid
-next-config
Γû▓ Next.js 16.1.6 (Turbopack)

  Creating an optimized production build ...

> Build error occurred
Error: Turbopack build 
failed with 2 errors:
./app/dashboard/clients
/[id]/page.tsx:223:19
Ecmascript file had an 
error
[0m [90m 221 |[39m
 [90m 222 |[39m      
       [36mconst[39m 
phoneFields 
[33m=[39m [[32m'mobi
le_phone'[39m[33m,[3
9m [32m'phone'[39m[3
3m,[39m [32m'work_pho
ne'[39m[33m,[39m 
[32m'whatsapp'[39m]
[31m[1m>[22m[39m[9
0m 223 |[39m          
   [36mconst[39m 
cleanedData[33m:[39m 
any [33m=[39m { 
[33m...[39mformData }
 [90m     |[39m      
             [31m[1m^
[22m[39m[31m[1m^[2
2m[39m[31m[1m^[22m
[39m[31m[1m^[22m[39
m[31m[1m^[22m[39m[
31m[1m^[22m[39m[31m
[1m^[22m[39m[31m[1
m^[22m[39m[31m[1m^
[22m[39m[31m[1m^[22
m[39m[31m[1m^[22m[
39m
 [90m 224 |[39m      
       
 [90m 225 |[39m      
       phoneFields[33m
.[39mforEach(field 
[33m=>[39m {
 [90m 226 |[39m      
           
[36mif[39m ([33m![3
9mcleanedData[field] 
[33m||[39m 
cleanedData[field] 
[33m===[39m 
[32m''[39m) {[0m

the name `cleanedData` 
is defined multiple 
times

Import traces:
  Client Component 
Browser:
    ./app/dashboard/cli
ents/[id]/page.tsx 
[Client Component 
Browser]
    ./app/dashboard/cli
ents/[id]/page.tsx 
[Server Component]

  Client Component SSR:
    ./app/dashboard/cli
ents/[id]/page.tsx 
[Client Component SSR]
    ./app/dashboard/cli
ents/[id]/page.tsx 
[Server Component]


./app/dashboard/clients
/new/page.tsx:138:19
Ecmascript file had an 
error
[0m [90m 136 |[39m
 [90m 137 |[39m      
       [90m// Clean 
and Format Data[39m
[31m[1m>[22m[39m[9
0m 138 |[39m          
   [36mconst[39m 
cleanedData[33m:[39m 
[33mClientInsert[39m 
[33m=[39m {
 [90m     |[39m      
             [31m[1m^
[22m[39m[31m[1m^[2
2m[39m[31m[1m^[22m
[39m[31m[1m^[22m[39
m[31m[1m^[22m[39m[
31m[1m^[22m[39m[31m
[1m^[22m[39m[31m[1
m^[22m[39m[31m[1m^
[22m[39m[31m[1m^[22
m[39m[31m[1m^[22m[
39m
 [90m 139 |[39m      
           [33m...[39
mformData[33m,[39m
 [90m 140 |[39m      
           
user_id[33m:[39m user
[33m.[39mid[33m,[39
m
 [90m 141 |[39m      
           
phone[33m:[39m formDa
ta[33m.[39mmobile_pho
ne [33m||[39m formDat
a[33m.[39mphone 
[33m||[39m [36mnull
[39m[33m,[39m 
[90m// Forzar que 
WhatsApp sea el 
n├║mero 
primordial[39m[0m

the name `cleanedData` 
is defined multiple 
times

Import traces:
  Client Component 
Browser:
    ./app/dashboard/cli
ents/new/page.tsx 
[Client Component 
Browser]
    ./app/dashboard/cli
ents/new/page.tsx 
[Server Component]

  Client Component SSR:
    ./app/dashboard/cli
ents/new/page.tsx 
[Client Component SSR]
    ./app/dashboard/cli
ents/new/page.tsx 
[Server Component]


    at <unknown> (./app
/dashboard/clients/[id]
/page.tsx:223:19)
    at <unknown> (./app
/dashboard/clients/new/
page.tsx:138:19)
