app/dashboard/clients/[id]/page.tsx(80,48): error TS2339: Property 'phone' does not exist on type 'never'.
app/dashboard/clients/[id]/page.tsx(81,55): error TS2339: Property 'mobile_phone' does not exist on type 'never'.
app/dashboard/clients/[id]/page.tsx(82,53): error TS2339: Property 'work_phone' does not exist on type 'never'.
app/dashboard/clients/[id]/page.tsx(157,19): error TS2322: Type '{ first_name: string; last_name: string; company_name: string | null; job_title: string | null; profession: string | null; id?: string | undefined; user_id?: string | undefined; email?: string | null | undefined; ... 23 more ...; secondary_email?: string | null | undefined; }' is not assignable to type 'ClientInsert'.
  Type '{ first_name: string; last_name: string; company_name: string | null; job_title: string | null; profession: string | null; id?: string | undefined; user_id?: string | undefined; email?: string | null | undefined; ... 23 more ...; secondary_email?: string | null | undefined; }' is not assignable to type '{ id?: string | undefined; user_id: string; first_name: string; last_name: string; email?: string | null | undefined; phone?: string | null | undefined; status?: "active" | "lead" | "inactive" | undefined; ... 21 more ...; billing_info?: any; }'.
    Types of property 'user_id' are incompatible.
      Type 'string | undefined' is not assignable to type 'string'.
        Type 'undefined' is not assignable to type 'string'.
app/dashboard/clients/[id]/page.tsx(175,25): error TS2345: Argument of type 'any' is not assignable to parameter of type 'never'.
app/dashboard/clients/[id]/page.tsx(330,37): error TS2322: Type 'string | null | undefined' is not assignable to type 'string | E164Number | undefined'.
  Type 'null' is not assignable to type 'string | E164Number | undefined'.
app/dashboard/clients/[id]/page.tsx(340,37): error TS2322: Type 'string | null | undefined' is not assignable to type 'string | E164Number | undefined'.
  Type 'null' is not assignable to type 'string | E164Number | undefined'.
app/dashboard/clients/[id]/page.tsx(350,37): error TS2322: Type 'string | null | undefined' is not assignable to type 'string | E164Number | undefined'.
  Type 'null' is not assignable to type 'string | E164Number | undefined'.
app/dashboard/clients/[id]/page.tsx(448,78): error TS2339: Property 'colony' does not exist on type 'never'.
app/dashboard/clients/[id]/page.tsx(449,76): error TS2339: Property 'municipality' does not exist on type 'never'.
app/dashboard/clients/[id]/page.tsx(450,77): error TS2339: Property 'state' does not exist on type 'never'.
app/dashboard/clients/[id]/page.tsx(451,90): error TS2339: Property 'socioeconomic_level' does not exist on type 'never'.
app/dashboard/clients/[id]/page.tsx(451,122): error TS2339: Property 'risk_score' does not exist on type 'never'.
app/dashboard/clients/new/page.tsx(36,9): error TS1117: An object literal cannot have multiple properties with the same name.
app/dashboard/clients/new/page.tsx(37,9): error TS1117: An object literal cannot have multiple properties with the same name.
app/dashboard/clients/new/page.tsx(139,25): error TS2769: No overload matches this call.
  Overload 1 of 2, '(values: never, options?: { count?: "exact" | "planned" | "estimated" | undefined; } | undefined): PostgrestFilterBuilder<{ PostgrestVersion: "12"; }, never, never, null, "clients", never, "POST">', gave the following error.
    Argument of type 'ClientInsert' is not assignable to parameter of type 'never'.
  Overload 2 of 2, '(values: never[], options?: { count?: "exact" | "planned" | "estimated" | undefined; defaultToNull?: boolean | undefined; } | undefined): PostgrestFilterBuilder<{ PostgrestVersion: "12"; }, never, never, null, "clients", never, "POST">', gave the following error.
    Argument of type 'ClientInsert' is not assignable to parameter of type 'never[]'.
      Type 'ClientInsert' is missing the following properties from type 'never[]': length, pop, push, concat, and 35 more.
app/dashboard/clients/new/page.tsx(293,37): error TS2322: Type 'string | null | undefined' is not assignable to type 'string | E164Number | undefined'.
  Type 'null' is not assignable to type 'string | E164Number | undefined'.
app/dashboard/clients/new/page.tsx(303,37): error TS2322: Type 'string | null | undefined' is not assignable to type 'string | E164Number | undefined'.
  Type 'null' is not assignable to type 'string | E164Number | undefined'.
app/dashboard/clients/new/page.tsx(313,37): error TS2322: Type 'string | null | undefined' is not assignable to type 'string | E164Number | undefined'.
  Type 'null' is not assignable to type 'string | E164Number | undefined'.
app/dashboard/clients/new/page.tsx(411,78): error TS2339: Property 'colony' does not exist on type 'never'.
app/dashboard/clients/new/page.tsx(412,76): error TS2339: Property 'municipality' does not exist on type 'never'.
app/dashboard/clients/new/page.tsx(413,77): error TS2339: Property 'state' does not exist on type 'never'.
app/dashboard/clients/new/page.tsx(414,90): error TS2339: Property 'socioeconomic_level' does not exist on type 'never'.
app/dashboard/clients/new/page.tsx(414,122): error TS2339: Property 'risk_score' does not exist on type 'never'.
app/dashboard/policies/new/page.tsx(75,18): error TS2769: No overload matches this call.
  Overload 1 of 2, '(values: never, options?: { count?: "exact" | "planned" | "estimated" | undefined; } | undefined): PostgrestFilterBuilder<{ PostgrestVersion: "12"; }, never, never, null, "policies", never, "POST">', gave the following error.
    Argument of type '{ premium_net: number; tax: number; premium_total: number; client_id: string; insurer_id: string; agent_code_id: string; policy_number: string; status: string; branch_id: string; sub_branch: string; ... 4 more ...; notes: string; }[]' is not assignable to parameter of type 'never'.
  Overload 2 of 2, '(values: never[], options?: { count?: "exact" | "planned" | "estimated" | undefined; defaultToNull?: boolean | undefined; } | undefined): PostgrestFilterBuilder<{ PostgrestVersion: "12"; }, never, never, null, "policies", never, "POST">', gave the following error.
    Type '{ premium_net: number; tax: number; premium_total: number; client_id: string; insurer_id: string; agent_code_id: string; policy_number: string; status: string; branch_id: string; sub_branch: string; ... 4 more ...; notes: string; }' is not assignable to type 'never'.
app/dashboard/policies/new/page.tsx(300,57): error TS2339: Property 'issue_date' does not exist on type '{ client_id: string; insurer_id: string; agent_code_id: string; policy_number: string; status: string; branch_id: string; sub_branch: string; start_date: string; end_date: string; currency: string; ... 4 more ...; notes: string; }'.
app/dashboard/policies/new/page.tsx(301,85): error TS2353: Object literal may only specify known properties, and 'issue_date' does not exist in type 'SetStateAction<{ client_id: string; insurer_id: string; agent_code_id: string; policy_number: string; status: string; branch_id: string; sub_branch: string; start_date: string; end_date: string; currency: string; ... 4 more ...; notes: string; }>'.
components/dashboard/insurers/insurer-modal.tsx(69,29): error TS2345: Argument of type '{ name: string; alias: string; rfc: string; website: string; }' is not assignable to parameter of type 'never'.
components/dashboard/insurers/insurer-modal.tsx(81,22): error TS2769: No overload matches this call.
  Overload 1 of 2, '(values: never, options?: { count?: "exact" | "planned" | "estimated" | undefined; } | undefined): PostgrestFilterBuilder<{ PostgrestVersion: "12"; }, never, never, null, "insurers", never, "POST">', gave the following error.
    Argument of type '{ name: string; alias: string; rfc: string; website: string; }[]' is not assignable to parameter of type 'never'.
  Overload 2 of 2, '(values: never[], options?: { count?: "exact" | "planned" | "estimated" | undefined; defaultToNull?: boolean | undefined; } | undefined): PostgrestFilterBuilder<{ PostgrestVersion: "12"; }, never, never, null, "insurers", never, "POST">', gave the following error.
    Type '{ name: string; alias: string; rfc: string; website: string; }' is not assignable to type 'never'.
scripts/verify-sepomex.ts(3,20): error TS2307: Cannot find module 'dotenv' or its corresponding type declarations.
